Archive member included because of file (symbol)

../cross_compiler/lib/gcc/arm-none-eabi/4.8.1//libgcc.a(_udivsi3.o)
                              binaries/qsort.o (__aeabi_uidiv)
../cross_compiler/lib/gcc/arm-none-eabi/4.8.1//libgcc.a(_divsi3.o)
                              binaries/doprnt.o (__aeabi_idiv)
../cross_compiler/lib/gcc/arm-none-eabi/4.8.1//libgcc.a(_dvmd_tls.o)
                              ../cross_compiler/lib/gcc/arm-none-eabi/4.8.1//libgcc.a(_udivsi3.o) (__aeabi_idiv0)
../cross_compiler/lib/gcc/arm-none-eabi/4.8.1//libgcc.a(_arm_addsubdf3.o)
                              binaries/analog.o (__aeabi_ui2d)
../cross_compiler/lib/gcc/arm-none-eabi/4.8.1//libgcc.a(_arm_muldivdf3.o)
                              binaries/analog.o (__aeabi_dmul)
../cross_compiler/lib/gcc/arm-none-eabi/4.8.1//libgcc.a(_arm_cmpdf2.o)
                              binaries/doprnt.o (__aeabi_dcmplt)
../cross_compiler/lib/gcc/arm-none-eabi/4.8.1//libgcc.a(_arm_fixdfsi.o)
                              binaries/doprnt.o (__aeabi_d2iz)
../cross_compiler/lib/gcc/arm-none-eabi/4.8.1//libgcc.a(_arm_truncdfsf2.o)
                              binaries/analog.o (__aeabi_d2f)
../cross_compiler/lib/gcc/arm-none-eabi/4.8.1//libgcc.a(_arm_addsubsf3.o)
                              binaries/analog.o (__aeabi_fsub)
../cross_compiler/lib/gcc/arm-none-eabi/4.8.1//libgcc.a(_arm_fixunssfsi.o)
                              binaries/analog.o (__aeabi_f2uiz)

Allocating common symbols
Common symbol       size              file

netbufpool          0x4               binaries/net.o
readylist           0x2               binaries/ready.o
rfltab              0x5a0             binaries/rflinit.o
netportseed         0x4               binaries/net.o
sleepq              0x2               binaries/clkinit.o
topictable          0x5c00            binaries/initialize.o
intc_vector         0x200             binaries/evec.o
nnames              0x4               binaries/naminit.o
udptab              0x168             binaries/udp.o
minheap             0x4               binaries/meminit.o
marks               0x50              binaries/mark.o
currpid             0x4               binaries/initialize.o
Lf_data             0x20c             binaries/lfsinit.o
porttab             0x2d0             binaries/ptinit.o
ttytab              0x110             binaries/ttyinit.o
proctab             0xf3c0            binaries/initialize.o
eth_a_regs          0x1c              binaries/ethinit.o
prcount             0x4               binaries/initialize.o
lfltab              0xf00             binaries/lflinit.o
rdstab              0x8c              binaries/rdsinit.o
ethertab            0x138             binaries/ethinit.o
NetData             0xb0              binaries/net.o
clktime_ms          0x4               binaries/clkinit.o
nmarks              0x4               binaries/mark.o
Defer               0x8               binaries/resched.o
semtab              0x4b0             binaries/initialize.o
maxheap             0x4               binaries/meminit.o
preempt             0x4               binaries/clkinit.o
buftab              0xf0              binaries/bufinit.o
Rf_data             0x18              binaries/rfsinit.o
rem_count           0x2               binaries/initialize.o
mkmutex             0x4               binaries/mark.o
clktime             0x4               binaries/clkinit.o
arpcache            0x140             binaries/arp.o
icmptab             0x230             binaries/icmp.o
nbpools             0x4               binaries/bufinit.o
queuetab            0x980             binaries/queue.o
ptnextid            0x4               binaries/ptinit.o
Ram                 0x19000           binaries/raminit.o
ipoqueue            0x2c              binaries/ip.o
pubtable            0xc00             binaries/initialize.o
memlist             0x8               binaries/initialize.o
nametab             0x19a0            binaries/naminit.o
ptfree              0x4               binaries/ptinit.o

Memory Configuration

Name             Origin             Length             Attributes
*default*        0x00000000         0xffffffff

Linker script and memory map

                0x81000000                physbase = 0x81000000
                0x81000000                . = physbase
                0x81000000                . = ALIGN (0x1000)

.text           0x81000000    0x17000
                0x81000000                text = ABSOLUTE (.)
 *(.text .text.*)
 .text          0x81000000       0x4c binaries/start.o
                0x81000000                start
 .text          0x8100004c       0x20 binaries/actuator.o
                0x8100004c                actuatoron
                0x8100005c                actuatoroff
 .text          0x8100006c       0x98 binaries/analog.o
                0x8100006c                analog_read
 .text          0x81000104      0x33c binaries/ascdate.o
                0x81000104                ascdate
 .text          0x81000440       0x18 binaries/bufinit.o
                0x81000440                bufinit
 .text          0x81000458       0x68 binaries/chprio.o
                0x81000458                chprio
 .text          0x810004c0      0x104 binaries/clkhandler.o
                0x810004c0                clkhandler
 .text          0x810005c4       0xe0 binaries/clkinit.o
                0x810005c4                clkinit
 .text          0x810006a4       0x50 binaries/close.o
                0x810006a4                close
 .text          0x810006f4        0x0 binaries/conf.o
 .text          0x810006f4       0x68 binaries/control.o
                0x810006f4                control
 .text          0x8100075c      0x2a0 binaries/create.o
                0x8100075c                create
 .text          0x810009fc       0xb0 binaries/evec.o
                0x810009fc                initintc
                0x81000a28                set_evec
                0x81000a68                irq_dispatch
 .text          0x81000aac       0x10 binaries/exit.o
                0x81000aac                exit
 .text          0x81000abc       0x7c binaries/freebuf.o
                0x81000abc                freebuf
 .text          0x81000b38      0x148 binaries/freemem.o
                0x81000b38                freemem
 .text          0x81000c80       0x78 binaries/getbuf.o
                0x81000c80                getbuf
 .text          0x81000cf8       0x50 binaries/getc.o
                0x81000cf8                getc
 .text          0x81000d48       0x68 binaries/getdev.o
                0x81000d48                getdev
 .text          0x81000db0       0xa0 binaries/getitem.o
                0x81000db0                getitem
                0x81000de0                getfirst
                0x81000e14                getlast
 .text          0x81000e50      0x108 binaries/getmem.o
                0x81000e50                getmem
 .text          0x81000f58       0x10 binaries/getpid.o
                0x81000f58                getpid
 .text          0x81000f68       0x5c binaries/getprio.o
                0x81000f68                getprio
 .text          0x81000fc4       0xc8 binaries/getstk.o
                0x81000fc4                getstk
 .text          0x8100108c        0x8 binaries/getticks.o
                0x8100108c                getticks
 .text          0x81001094       0x38 binaries/gettime.o
                0x81001094                gettime
 .text          0x810010cc      0x1f4 binaries/getutime.o
                0x810010cc                getutime
 .text          0x810012c0       0x50 binaries/init.o
                0x810012c0                init
 .text          0x81001310      0x4fc binaries/initialize.o
                0x810013b4                broker
                0x81001530                nulluser
                0x810017ac                stop
                0x810017d0                delay
 .text          0x8100180c       0xd0 binaries/insert.o
                0x8100180c                insert
 .text          0x810018dc      0x134 binaries/insertd.o
                0x810018dc                insertd
 .text          0x81001a10        0x8 binaries/ioerr.o
                0x81001a10                ioerr
 .text          0x81001a18        0x8 binaries/ionull.o
                0x81001a18                ionull
 .text          0x81001a20      0x158 binaries/kill.o
                0x81001a20                kill
 .text          0x81001b78       0xd0 binaries/kprintf.o
                0x81001b78                kputc
                0x81001bc8                kgetc
                0x81001c08                kprintf
 .text          0x81001c48       0xe4 binaries/main.o
                0x81001c48                main
 .text          0x81001d2c       0xd0 binaries/mark.o
                0x81001d2c                markinit
                0x81001d58                mark
 .text          0x81001dfc       0x48 binaries/meminit.o
                0x81001dfc                meminit
 .text          0x81001e44      0x140 binaries/mkbufpool.o
                0x81001e44                mkbufpool
 .text          0x81001f84       0x7c binaries/newqueue.o
                0x81001f84                newqueue
 .text          0x81002000       0x60 binaries/open.o
                0x81002000                open
 .text          0x81002060       0x20 binaries/panic.o
                0x81002060                panic
 .text          0x81002080       0xac binaries/platinit.o
                0x81002080                counterinit
                0x81002098                platinit
 .text          0x8100212c       0xa8 binaries/ptclear.o
                0x8100212c                _ptclear
 .text          0x810021d4       0x78 binaries/ptcount.o
                0x810021d4                ptcount
 .text          0x8100224c       0xdc binaries/ptcreate.o
                0x8100224c                ptcreate
 .text          0x81002328       0x74 binaries/ptdelete.o
                0x81002328                ptdelete
 .text          0x8100239c       0xbc binaries/ptinit.o
                0x8100239c                ptinit
 .text          0x81002458       0xd0 binaries/ptrecv.o
                0x81002458                ptrecv
 .text          0x81002528       0x68 binaries/ptreset.o
                0x81002528                ptreset
 .text          0x81002590       0xf4 binaries/ptsend.o
                0x81002590                ptsend
 .text          0x81002684       0x54 binaries/publish.o
                0x81002684                publish
 .text          0x810026d8       0xc8 binaries/pubtopic.o
                0x810026d8                enqueueTopic
                0x81002774                dequeueTopic
 .text          0x810027a0       0x58 binaries/putc.o
                0x810027a0                putc
 .text          0x810027f8       0xf4 binaries/queue.o
                0x810027f8                enqueue
                0x81002890                dequeue
 .text          0x810028ec       0x60 binaries/read.o
                0x810028ec                read
 .text          0x8100294c       0x74 binaries/ready.o
                0x8100294c                ready
 .text          0x810029c0       0x60 binaries/receive.o
                0x810029c0                receive
 .text          0x81002a20       0x90 binaries/receiveMsg.o
                0x81002a20                receiveMsg
 .text          0x81002ab0       0xc8 binaries/receiveMsgs.o
                0x81002ab0                receiveMsgs
 .text          0x81002b78       0x48 binaries/recvclr.o
                0x81002b78                recvclr
 .text          0x81002bc0       0xb0 binaries/recvtime.o
                0x81002bc0                recvtime
 .text          0x81002c70      0x1ac binaries/resched.o
                0x81002c70                resched
                0x81002d60                resched_cntl
 .text          0x81002e1c       0x90 binaries/resume.o
                0x81002e1c                resume
 .text          0x81002eac       0x58 binaries/seek.o
                0x81002eac                seek
 .text          0x81002f04       0x58 binaries/semcount.o
                0x81002f04                semcount
 .text          0x81002f5c       0xb8 binaries/semcreate.o
                0x81002f5c                semcreate
 .text          0x81003014       0xac binaries/semdelete.o
                0x81003014                semdelete
 .text          0x810030c0       0xa4 binaries/semreset.o
                0x810030c0                semreset
 .text          0x81003164       0xc0 binaries/send.o
                0x81003164                send
 .text          0x81003224       0xf0 binaries/sendMsg.o
                0x81003224                sendMsg
 .text          0x81003314      0x124 binaries/sendMsgs.o
                0x81003314                sendMsgs
 .text          0x81003438       0x64 binaries/sendnMsg.o
                0x81003438                sendnMsg
 .text          0x8100349c       0x80 binaries/signal.o
                0x8100349c                signal
 .text          0x8100351c       0xb0 binaries/signaln.o
                0x8100351c                signaln
 .text          0x810035cc       0xcc binaries/sleep.o
                0x810035cc                sleepms
                0x81003668                sleep
 .text          0x81003698      0x158 binaries/subscribe.o
                0x81003698                subscribe
 .text          0x810037f0       0xbc binaries/suspend.o
                0x810037f0                suspend
 .text          0x810038ac       0xb8 binaries/unsleep.o
                0x810038ac                unsleep
 .text          0x81003964      0x188 binaries/unsubscribe.o
                0x81003964                unsubscribe
 .text          0x81003aec       0x10 binaries/userret.o
                0x81003aec                userret
 .text          0x81003afc       0xac binaries/wait.o
                0x81003afc                wait
 .text          0x81003ba8       0xa0 binaries/wakeup.o
                0x81003ba8                wakeup
 .text          0x81003c48       0x60 binaries/write.o
                0x81003c48                write
 .text          0x81003ca8       0x18 binaries/xdone.o
                0x81003ca8                xdone
 .text          0x81003cc0       0x20 binaries/yield.o
                0x81003cc0                yield
 .text          0x81003ce0        0xc binaries/abs.o
                0x81003ce0                abs
 .text          0x81003cec      0x114 binaries/atoi.o
                0x81003cec                atoi
 .text          0x81003e00      0x114 binaries/atol.o
                0x81003e00                atol
 .text          0x81003f14       0x20 binaries/bzero.o
                0x81003f14                bzero
 .text          0x81003f34        0x0 binaries/ctype_.o
 .text          0x81003f34      0xa34 binaries/doprnt.o
                0x81004154                _doprnt
 .text          0x81004968      0x704 binaries/doscan.o
                0x81004968                _doscan
 .text          0x8100506c      0x898 binaries/fdoprnt.o
                0x81005118                _fdoprnt
 .text          0x81005904       0x14 binaries/fgetc.o
                0x81005904                fgetc
 .text          0x81005918       0x84 binaries/fgets.o
                0x81005918                fgets
 .text          0x8100599c       0x3c binaries/fprintf.o
                0x8100599c                fprintf
 .text          0x810059d8       0x24 binaries/fputc.o
                0x810059d8                fputc
 .text          0x810059fc       0x38 binaries/fputs.o
                0x810059fc                fputs
 .text          0x81005a34       0x78 binaries/fscanf.o
                0x81005a68                fscanf
 .text          0x81005aac       0x2c binaries/getchar.o
                0x81005aac                getchar
 .text          0x81005ad8        0xc binaries/labs.o
                0x81005ad8                labs
 .text          0x81005ae4        0x0 binaries/memchr.o
 .text          0x81005ae4       0x60 binaries/memcmp.o
                0x81005ae4                memcmp
 .text          0x81005b44       0x24 binaries/memcpy.o
                0x81005b44                memcpy
 .text          0x81005b68       0x20 binaries/memset.o
                0x81005b68                memset
 .text          0x81005b88       0x58 binaries/printf.o
                0x81005b88                printf
 .text          0x81005be0       0x2c binaries/putchar.o
                0x81005be0                putchar
 .text          0x81005c0c      0x254 binaries/qsort.o
                0x81005e40                qsort
 .text          0x81005e60       0x7c binaries/rand.o
                0x81005e60                rand
                0x81005e98                rand_r
                0x81005ecc                srand
 .text          0x81005edc       0x68 binaries/sprintf.o
                0x81005ef4                sprintf
 .text          0x81005f44       0x78 binaries/sscanf.o
                0x81005f78                sscanf
 .text          0x81005fbc       0x48 binaries/strchr.o
                0x81005fbc                strchr
 .text          0x81006004       0x54 binaries/strcmp.o
                0x81006004                strcmp
 .text          0x81006058       0x18 binaries/strcpy.o
                0x81006058                strcpy
 .text          0x81006070       0x30 binaries/strlen.o
                0x81006070                strlen
 .text          0x810060a0       0x50 binaries/strncat.o
                0x810060a0                strncat
 .text          0x810060f0       0x54 binaries/strncmp.o
                0x810060f0                strncmp
 .text          0x81006144       0x80 binaries/strncpy.o
                0x81006144                strncpy
 .text          0x810061c4       0x48 binaries/strnlen.o
                0x810061c4                strnlen
 .text          0x8100620c       0x58 binaries/strrchr.o
                0x8100620c                strrchr
 .text          0x81006264       0xb0 binaries/strstr.o
                0x81006264                strstr
 .text          0x81006314       0xc8 binaries/ttycontrol.o
                0x81006314                ttycontrol
 .text          0x810063dc       0x6c binaries/ttygetc.o
                0x810063dc                ttygetc
 .text          0x81006448      0x4d8 binaries/ttyhandle_in.o
                0x81006514                ttyhandle_in
 .text          0x81006920      0x14c binaries/ttyhandle_out.o
                0x81006920                ttyhandle_out
 .text          0x81006a6c       0xc8 binaries/ttyhandler.o
                0x81006a6c                ttyhandler
 .text          0x81006b34      0x120 binaries/ttyinit.o
                0x81006b34                ttyinit
 .text          0x81006c54        0xc binaries/ttykickout.o
                0x81006c54                ttykickout
 .text          0x81006c60       0x78 binaries/ttyputc.o
                0x81006c60                ttyputc
 .text          0x81006cd8      0x110 binaries/ttyread.o
                0x81006cd8                ttyread
 .text          0x81006de8       0x4c binaries/ttywrite.o
                0x81006de8                ttywrite
 .text          0x81006e34      0x134 binaries/mount.o
                0x81006e34                namlen
                0x81006e88                mount
 .text          0x81006f68      0x1c8 binaries/naminit.o
                0x81006f68                naminit
 .text          0x81007130      0x240 binaries/nammap.o
                0x81007130                namrepl
                0x81007268                namcpy
                0x810072c4                nammap
 .text          0x81007370       0x40 binaries/namopen.o
                0x81007370                namopen
 .text          0x810073b0       0x40 binaries/ethcontrol.o
                0x810073b0                ethcontrol
 .text          0x810073f0      0x178 binaries/ethhandler.o
                0x810073f0                ethhandler
 .text          0x81007568      0x734 binaries/ethinit.o
                0x81007568                eth_phy_read
                0x810075d8                eth_phy_write
                0x81007630                eth_phy_reset
                0x810077a0                ethinit
 .text          0x81007c9c       0xd8 binaries/ethread.o
                0x81007c9c                ethread
 .text          0x81007d74       0xf0 binaries/ethwrite.o
                0x81007d74                ethwrite
 .text          0x81007e64       0x90 binaries/rdsbufalloc.o
                0x81007e64                rdsbufalloc
 .text          0x81007ef4       0xa0 binaries/rdsclose.o
                0x81007ef4                rdsclose
 .text          0x81007f94      0x20c binaries/rdscomm.o
                0x81007f94                rdscomm
 .text          0x810081a0      0x1a0 binaries/rdscontrol.o
                0x810081a0                rdscontrol
 .text          0x81008340      0x180 binaries/rdsinit.o
                0x81008340                rdsinit
 .text          0x810084c0      0x134 binaries/rdsopen.o
                0x810084c0                rdsopen
 .text          0x810085f4      0x304 binaries/rdsprocess.o
                0x810085f4                rdsprocess
 .text          0x810088f8      0x210 binaries/rdsread.o
                0x810088f8                rdsread
 .text          0x81008b08      0x184 binaries/rdswrite.o
                0x81008b08                rdswrite
 .text          0x81008c8c        0x8 binaries/ramclose.o
                0x81008c8c                ramclose
 .text          0x81008c94       0x3c binaries/raminit.o
                0x81008c94                raminit
 .text          0x81008cd0        0x8 binaries/ramopen.o
                0x81008cd0                ramopen
 .text          0x81008cd8       0x24 binaries/ramread.o
                0x81008cd8                ramread
 .text          0x81008cfc       0x20 binaries/ramwrite.o
                0x81008cfc                ramwrite
 .text          0x81008d1c       0x94 binaries/lfdballoc.o
                0x81008d1c                lfdballoc
 .text          0x81008db0       0x4c binaries/lfdbfree.o
                0x81008db0                lfdbfree
 .text          0x81008dfc       0xb8 binaries/lfflush.o
                0x81008dfc                lfflush
 .text          0x81008eb4       0xc8 binaries/lfgetmode.o
                0x81008eb4                lfgetmode
 .text          0x81008f7c       0x6c binaries/lfiballoc.o
                0x81008f7c                lfiballoc
 .text          0x81008fe8       0x30 binaries/lfibclear.o
                0x81008fe8                lfibclear
 .text          0x81009018       0x64 binaries/lfibget.o
                0x81009018                lfibget
 .text          0x8100907c       0x8c binaries/lfibput.o
                0x8100907c                lfibput
 .text          0x81009108       0x84 binaries/lflclose.o
                0x81009108                lflclose
 .text          0x8100918c       0xa0 binaries/lflcontrol.o
                0x8100918c                lflcontrol
 .text          0x8100922c       0xa8 binaries/lflgetc.o
                0x8100922c                lflgetc
 .text          0x810092d4       0xa8 binaries/lflinit.o
                0x810092d4                lflinit
 .text          0x8100937c       0xdc binaries/lflputc.o
                0x8100937c                lflputc
 .text          0x81009458       0x78 binaries/lflread.o
                0x81009458                lflread
 .text          0x810094d0       0x80 binaries/lflseek.o
                0x810094d0                lflseek
 .text          0x81009550       0x5c binaries/lflwrite.o
                0x81009550                lflwrite
 .text          0x810095ac       0xa0 binaries/lfscheck.o
                0x810095ac                lfscheck
 .text          0x8100964c      0x144 binaries/lfsckfmt.o
                0x8100964c                lfsckfmt
 .text          0x81009790      0x15c binaries/lfscreate.o
                0x81009790                lfscreate
 .text          0x810098ec      0x1f0 binaries/lfsetup.o
                0x810098ec                lfsetup
 .text          0x81009adc       0x44 binaries/lfsinit.o
                0x81009adc                lfsinit
 .text          0x81009b20      0x358 binaries/lfsopen.o
                0x81009b20                lfsopen
 .text          0x81009e78      0x108 binaries/lftruncate.o
                0x81009e78                lftruncate
 .text          0x81009f80       0x70 binaries/rflclose.o
                0x81009f80                rflclose
 .text          0x81009ff0       0x28 binaries/rflgetc.o
                0x81009ff0                rflgetc
 .text          0x8100a018       0x54 binaries/rflinit.o
                0x8100a018                rflinit
 .text          0x8100a06c       0x30 binaries/rflputc.o
                0x8100a06c                rflputc
 .text          0x8100a09c      0x28c binaries/rflread.o
                0x8100a09c                rflread
 .text          0x8100a328       0x74 binaries/rflseek.o
                0x8100a328                rflseek
 .text          0x8100a39c      0x2c8 binaries/rflwrite.o
                0x8100a39c                rflwrite
 .text          0x8100a664      0x198 binaries/rfscomm.o
                0x8100a664                rfscomm
 .text          0x8100a7fc      0x224 binaries/rfscontrol.o
                0x8100a7fc                rfscontrol
 .text          0x8100aa20       0xc8 binaries/rfsgetmode.o
                0x8100aa20                rfsgetmode
 .text          0x8100aae8       0x84 binaries/rfsinit.o
                0x8100aae8                rfsinit
 .text          0x8100ab6c       0xa4 binaries/rfsndmsg.o
                0x8100ab6c                rfsndmsg
 .text          0x8100ac10      0x22c binaries/rfsopen.o
                0x8100ac10                rfsopen
 .text          0x8100ae3c       0x8c binaries/spicontrol.o
                0x8100ae3c                spicontrol
 .text          0x8100aec8       0xa8 binaries/spiinit.o
                0x8100aec8                spiinit
 .text          0x8100af70       0x6c binaries/actuatorlowlevel.o
                0x8100af70                actuator_write
 .text          0x8100afdc       0x5c binaries/actuatorputc.o
                0x8100afdc                actuatorputc
 .text          0x8100b038       0x3c binaries/analoggetc.o
                0x8100b038                analoggetc
 .text          0x8100b074       0xac binaries/analoginit.o
                0x8100b074                analoginit
 .text          0x8100b120       0x44 binaries/digitalgetc.o
                0x8100b120                digitalgetc
 .text          0x8100b164       0x48 binaries/digitallowlevel.o
                0x8100b164                sensor_read
 .text          0x8100b1ac      0x714 binaries/arp.o
                0x8100b1ac                arp_init
                0x8100b1cc                arp_alloc
                0x8100b2a0                arp_ntoh
                0x8100b344                arp_hton
                0x8100b3e8                arp_resolve
                0x8100b64c                arp_in
 .text          0x8100b8c0      0x138 binaries/devudp.o
                0x8100b8c0                udp_edge_send
                0x8100b940                udp_edge_recv
 .text          0x8100b9f8      0x6b0 binaries/dhcp.o
                0x8100b9f8                dhcp_get_opt_val
                0x8100ba58                dhcp_bld_bootp_msg
                0x8100bb50                dhcp_bld_disc
                0x8100bba4                dhcp_bld_req
                0x8100bc68                getlocalip
 .text          0x8100c0a8      0x56c binaries/dns.o
                0x8100c190                dnslookup
 .text          0x8100c614      0x120 binaries/dot2ip.o
                0x8100c614                dot2ip
 .text          0x8100c734      0x33c binaries/hexdump.o
                0x8100c734                hexdump
                0x8100c894                hexadump
 .text          0x8100ca70      0x660 binaries/icmp.o
                0x8100ca70                icmp_init
                0x8100ca94                icmp_register
                0x8100cb50                icmp_recv
                0x8100cca0                icmp_mkpkt
                0x8100cd90                icmp_in
                0x8100cedc                icmp_send
                0x8100cf4c                icmp_release
                0x8100d008                icmp_cksum
                0x8100d068                icmp_hton
                0x8100d09c                icmp_ntoh
 .text          0x8100d0d0      0x64c binaries/ip.o
                0x8100d0d0                ip_local
                0x8100d100                ipcksum
                0x8100d144                ip_ntoh
                0x8100d1e8                ip_in
                0x8100d2fc                ip_hton
                0x8100d3a0                ip_out
                0x8100d454                ip_send
                0x8100d584                ipout
                0x8100d680                ip_enqueue
 .text          0x8100d71c       0xbc binaries/ledudp.o
                0x8100d71c                led_recv
 .text          0x8100d7d8      0x228 binaries/net.o
                0x8100d7d8                net_init
                0x8100d8e0                eth_hton
                0x8100d8f4                eth_ntoh
                0x8100d908                netin
                0x8100d9b0                getport
 .text          0x8100da00      0x9dc binaries/pdump.o
                0x8100da00                pdump
                0x8100df8c                pdumph
 .text          0x8100e3dc       0xb4 binaries/proximityudp.o
                0x8100e3dc                proximity_send
 .text          0x8100e490      0x104 binaries/tempudp.o
                0x8100e490                temp_send
 .text          0x8100e594      0x56c binaries/tftp.o
                0x8100e594                tftp_send1
                0x8100e680                tftpget_mb
                0x8100eacc                tftpget
 .text          0x8100eb00      0x890 binaries/udp.o
                0x8100eb00                udp_init
                0x8100eb28                udp_in
                0x8100ec14                udp_register
                0x8100ed10                udp_recv
                0x8100ee44                udp_recvaddr
                0x8100ef94                udp_send
                0x8100f10c                udp_sendto
                0x8100f26c                udp_release
                0x8100f328                udp_ntoh
                0x8100f35c                udp_hton
 .text          0x8100f390      0x120 binaries/addargs.o
                0x8100f390                addargs
 .text          0x8100f4b0      0x2b4 binaries/lexan.o
                0x8100f4b0                lexan
 .text          0x8100f764      0x6ac binaries/shell.o
                0x8100f764                shell
 .text          0x8100fe10       0x64 binaries/xsh_argecho.o
                0x8100fe10                xsh_argecho
 .text          0x8100fe74      0x1f8 binaries/xsh_arp.o
                0x8100fe74                xsh_arp
 .text          0x8101006c      0x234 binaries/xsh_cat.o
                0x8101006c                xsh_cat
 .text          0x810102a0       0x5c binaries/xsh_clear.o
                0x810102a0                xsh_clear
 .text          0x810102fc      0x294 binaries/xsh_date.o
                0x810102fc                xsh_date
 .text          0x81010590       0x98 binaries/xsh_devdump.o
                0x81010590                xsh_devdump
 .text          0x81010628       0x68 binaries/xsh_echo.o
                0x81010628                xsh_echo
 .text          0x81010690        0x8 binaries/xsh_exit.o
                0x81010690                xsh_exit
 .text          0x81010698      0x3cc binaries/xsh_help.o
                0x81010698                xsh_help
 .text          0x81010a64      0x1f4 binaries/xsh_kill.o
                0x81010a64                xsh_kill
 .text          0x81010c58      0x488 binaries/xsh_memdump.o
                0x81010d54                xsh_memdump
 .text          0x810110e0      0x220 binaries/xsh_memstat.o
                0x810110e0                xsh_memstat
 .text          0x81011300      0x3f4 binaries/xsh_netinfo.o
                0x81011300                xsh_netinfo
 .text          0x810116f4      0x3ac binaries/xsh_ping.o
                0x810116f4                xsh_ping
 .text          0x81011aa0      0x21c binaries/xsh_ps.o
                0x81011aa0                xsh_ps
 .text          0x81011cbc      0x1c4 binaries/xsh_sleep.o
                0x81011cbc                xsh_sleep
 .text          0x81011e80      0x240 binaries/xsh_udpdump.o
                0x81011e80                xsh_udpdump
 .text          0x810120c0      0x3fc binaries/xsh_udpecho.o
                0x810120c0                xsh_udpecho
 .text          0x810124bc      0x250 binaries/xsh_udpserver.o
                0x810124bc                xsh_udpeserver
 .text          0x8101270c      0x1a8 binaries/xsh_uptime.o
                0x8101270c                xsh_uptime
 .text          0x810128b4       0x2c binaries/ctxsw.o
                0x810128b4                ctxsw
 .text          0x810128e0      0x100 binaries/intr.o
                0x810128e0                disable
                0x810128ec                restore
                0x81012910                enable
                0x81012918                pause
                0x81012918                halt
                0x81012920                irq_except
                0x81012950                initevec
                0x810129b0                expjmpinstr
 .text          0x810129e0      0x114 ../cross_compiler/lib/gcc/arm-none-eabi/4.8.1//libgcc.a(_udivsi3.o)
                0x810129e0                __udivsi3
                0x810129e0                __aeabi_uidiv
                0x81012ad4                __aeabi_uidivmod
 .text          0x81012af4      0x148 ../cross_compiler/lib/gcc/arm-none-eabi/4.8.1//libgcc.a(_divsi3.o)
                0x81012af4                __aeabi_idiv
                0x81012af4                __divsi3
                0x81012c1c                __aeabi_idivmod
 .text          0x81012c3c        0x4 ../cross_compiler/lib/gcc/arm-none-eabi/4.8.1//libgcc.a(_dvmd_tls.o)
                0x81012c3c                __aeabi_ldiv0
                0x81012c3c                __aeabi_idiv0
 .text          0x81012c40      0x41c ../cross_compiler/lib/gcc/arm-none-eabi/4.8.1//libgcc.a(_arm_addsubdf3.o)
                0x81012c40                __aeabi_drsub
                0x81012c48                __aeabi_dsub
                0x81012c48                __subdf3
                0x81012c4c                __adddf3
                0x81012c4c                __aeabi_dadd
                0x81012f5c                __aeabi_ui2d
                0x81012f5c                __floatunsidf
                0x81012f80                __floatsidf
                0x81012f80                __aeabi_i2d
                0x81012fa8                __extendsfdf2
                0x81012fa8                __aeabi_f2d
                0x81012fe8                __aeabi_ul2d
                0x81012fe8                __floatundidf
                0x81012ffc                __floatdidf
                0x81012ffc                __aeabi_l2d
 .text          0x8101305c      0x49c ../cross_compiler/lib/gcc/arm-none-eabi/4.8.1//libgcc.a(_arm_muldivdf3.o)
                0x8101305c                __aeabi_dmul
                0x8101305c                __muldf3
                0x810132ec                __aeabi_ddiv
                0x810132ec                __divdf3
 .text          0x810134f8      0x144 ../cross_compiler/lib/gcc/arm-none-eabi/4.8.1//libgcc.a(_arm_cmpdf2.o)
                0x810134f8                __gtdf2
                0x810134f8                __gedf2
                0x81013500                __ltdf2
                0x81013500                __ledf2
                0x81013508                __cmpdf2
                0x81013508                __eqdf2
                0x81013508                __nedf2
                0x81013590                __aeabi_cdrcmple
                0x810135ac                __aeabi_cdcmple
                0x810135ac                __aeabi_cdcmpeq
                0x810135c4                __aeabi_dcmpeq
                0x810135dc                __aeabi_dcmplt
                0x810135f4                __aeabi_dcmple
                0x8101360c                __aeabi_dcmpge
                0x81013624                __aeabi_dcmpgt
 .text          0x8101363c       0x5c ../cross_compiler/lib/gcc/arm-none-eabi/4.8.1//libgcc.a(_arm_fixdfsi.o)
                0x8101363c                __fixdfsi
                0x8101363c                __aeabi_d2iz
 .text          0x81013698       0xa0 ../cross_compiler/lib/gcc/arm-none-eabi/4.8.1//libgcc.a(_arm_truncdfsf2.o)
                0x81013698                __aeabi_d2f
                0x81013698                __truncdfsf2
 .text          0x81013738      0x2ac ../cross_compiler/lib/gcc/arm-none-eabi/4.8.1//libgcc.a(_arm_addsubsf3.o)
                0x81013738                __aeabi_frsub
                0x81013740                __subsf3
                0x81013740                __aeabi_fsub
                0x81013744                __aeabi_fadd
                0x81013744                __addsf3
                0x81013900                __aeabi_ui2f
                0x81013900                __floatunsisf
                0x81013908                __aeabi_i2f
                0x81013908                __floatsisf
                0x81013928                __floatundisf
                0x81013928                __aeabi_ul2f
                0x81013938                __floatdisf
                0x81013938                __aeabi_l2f
 .text          0x810139e4       0x54 ../cross_compiler/lib/gcc/arm-none-eabi/4.8.1//libgcc.a(_arm_fixunssfsi.o)
                0x810139e4                __aeabi_f2uiz
                0x810139e4                __fixunssfsi
 *(.rodata .rodata.*)
 .rodata.str1.4
                0x81013a38        0xb binaries/analog.o
                                  0xc (size before relaxing)
 *fill*         0x81013a43        0x1 
 .rodata.str1.4
                0x81013a44       0x78 binaries/ascdate.o
 .rodata.str1.4
                0x81013abc       0xfb binaries/conf.o
                                0x108 (size before relaxing)
 *fill*         0x81013bb7        0x1 
 .rodata.str1.4
                0x81013bb8       0x61 binaries/getutime.o
                                 0x64 (size before relaxing)
 *fill*         0x81013c19        0x3 
 .rodata.str1.4
                0x81013c1c      0x1f0 binaries/initialize.o
                                0x1f4 (size before relaxing)
 .rodata.str1.4
                0x81013e0c       0x50 binaries/main.o
                                 0x58 (size before relaxing)
 .rodata.str1.4
                0x81013e5c        0xf binaries/panic.o
                                 0x10 (size before relaxing)
 *fill*         0x81013e6b        0x1 
 .rodata.str1.4
                0x81013e6c       0x1d binaries/ptinit.o
                                 0x20 (size before relaxing)
 *fill*         0x81013e89        0x3 
 .rodata.str1.4
                0x81013e8c       0x25 binaries/ptsend.o
                                 0x28 (size before relaxing)
 *fill*         0x81013eb1        0x3 
 .rodata.str1.4
                0x81013eb4        0xc binaries/publish.o
 .rodata.str1.4
                0x81013ec0       0x16 binaries/pubtopic.o
                                 0x18 (size before relaxing)
 *fill*         0x81013ed6        0x2 
 .rodata.str1.4
                0x81013ed8       0x58 binaries/subscribe.o
 .rodata.str1.4
                0x81013f30       0x27 binaries/xdone.o
                                 0x28 (size before relaxing)
 *fill*         0x81013f57        0x1 
 .rodata        0x81013f58       0x84 binaries/ctype_.o
                0x81013f58                _ctype_
 .rodata.str1.4
                0x81013fdc       0x2f binaries/doprnt.o
                                 0x30 (size before relaxing)
 .rodata.str1.4
                0x00000000       0x30 binaries/fdoprnt.o
 *fill*         0x8101400b        0x1 
 .rodata.str1.4
                0x8101400c       0x86 binaries/naminit.o
                                 0x90 (size before relaxing)
 *fill*         0x81014092        0x2 
 .rodata.str1.4
                0x81014094       0xe5 binaries/ethinit.o
                                 0xe8 (size before relaxing)
 *fill*         0x81014179        0x3 
 .rodata.str1.4
                0x8101417c       0x12 binaries/ethread.o
                                 0x14 (size before relaxing)
 *fill*         0x8101418e        0x2 
 .rodata.str1.4
                0x81014190       0x2c binaries/rdsbufalloc.o
 .rodata.str1.4
                0x810141bc       0x76 binaries/rdscomm.o
                                 0x78 (size before relaxing)
 *fill*         0x81014232        0x2 
 .rodata.str1.4
                0x81014234       0x48 binaries/rdscontrol.o
 .rodata.str1.4
                0x8101427c       0x96 binaries/rdsinit.o
                                 0x98 (size before relaxing)
 *fill*         0x81014312        0x2 
 .rodata.str1.4
                0x81014314       0x22 binaries/rdsopen.o
                                 0x24 (size before relaxing)
 *fill*         0x81014336        0x2 
 .rodata.str1.4
                0x81014338       0x4d binaries/rdsprocess.o
                                 0x50 (size before relaxing)
 *fill*         0x81014385        0x3 
 .rodata.str1.4
                0x81014388        0x9 binaries/raminit.o
                                  0xc (size before relaxing)
 *fill*         0x81014391        0x3 
 .rodata.str1.4
                0x81014394       0x37 binaries/lfdballoc.o
                                 0x38 (size before relaxing)
 *fill*         0x810143cb        0x1 
 .rodata.str1.4
                0x810143cc       0x14 binaries/lfiballoc.o
 .rodata.str1.4
                0x810143e0       0x23 binaries/lflcontrol.o
                                 0x24 (size before relaxing)
 *fill*         0x81014403        0x1 
 .rodata.str1.4
                0x81014404      0x11f binaries/lfsckfmt.o
                                0x120 (size before relaxing)
 *fill*         0x81014523        0x1 
 .rodata.str1.4
                0x81014524       0x2a binaries/lfsopen.o
                                 0x2c (size before relaxing)
 *fill*         0x8101454e        0x2 
 .rodata.str1.4
                0x81014550       0x21 binaries/rflread.o
                                 0x24 (size before relaxing)
 .rodata.str1.4
                0x00000000       0x24 binaries/rflwrite.o
 *fill*         0x81014571        0x3 
 .rodata.str1.4
                0x81014574       0x75 binaries/rfscomm.o
                                 0x78 (size before relaxing)
 *fill*         0x810145e9        0x3 
 .rodata.str1.4
                0x810145ec       0x23 binaries/rfscontrol.o
                                 0x24 (size before relaxing)
 *fill*         0x8101460f        0x1 
 .rodata.str1.4
                0x81014610       0x63 binaries/rfsinit.o
                                 0x64 (size before relaxing)
 *fill*         0x81014673        0x1 
 .rodata.str1.4
                0x81014674       0x2a binaries/rfsndmsg.o
                                 0x2c (size before relaxing)
 .rodata.str1.4
                0x00000000       0x24 binaries/rfsopen.o
 *fill*         0x8101469e        0x2 
 .rodata.str1.4
                0x810146a0        0x9 binaries/actuatorlowlevel.o
                                  0xc (size before relaxing)
 .rodata.str1.4
                0x00000000       0x14 binaries/actuatorputc.o
 *fill*         0x810146a9        0x3 
 .rodata.str1.4
                0x810146ac       0x20 binaries/digitalgetc.o
                                 0x2c (size before relaxing)
 .rodata.str1.4
                0x810146cc       0x12 binaries/digitallowlevel.o
                                 0x14 (size before relaxing)
 *fill*         0x810146de        0x2 
 .rodata.str1.4
                0x810146e0       0x3d binaries/arp.o
                                 0x40 (size before relaxing)
 *fill*         0x8101471d        0x3 
 .rodata.str1.4
                0x81014720       0x66 binaries/devudp.o
                                 0x68 (size before relaxing)
 *fill*         0x81014786        0x2 
 .rodata.str1.4
                0x81014788       0xd3 binaries/dhcp.o
                                 0xd4 (size before relaxing)
 *fill*         0x8101485b        0x1 
 .rodata.str1.4
                0x8101485c       0x1a binaries/dns.o
                                 0x1c (size before relaxing)
 *fill*         0x81014876        0x2 
 .rodata.str1.4
                0x81014878       0xca binaries/hexdump.o
                                 0xd8 (size before relaxing)
 *fill*         0x81014942        0x2 
 .rodata.str1.4
                0x81014944       0x29 binaries/icmp.o
                                 0x2c (size before relaxing)
 *fill*         0x8101496d        0x3 
 .rodata.str1.4
                0x81014970       0x52 binaries/ip.o
                                 0x54 (size before relaxing)
 *fill*         0x810149c2        0x2 
 .rodata.str1.4
                0x810149c4       0x5f binaries/ledudp.o
                                 0x60 (size before relaxing)
 *fill*         0x81014a23        0x1 
 .rodata.str1.4
                0x81014a24       0x53 binaries/net.o
                                 0x54 (size before relaxing)
 *fill*         0x81014a77        0x1 
 .rodata.str1.4
                0x81014a78      0x292 binaries/pdump.o
                                0x298 (size before relaxing)
 *fill*         0x81014d0a        0x2 
 .rodata        0x81014d0c        0x4 binaries/proximityudp.o
 .rodata.str1.4
                0x81014d10       0x48 binaries/proximityudp.o
 .rodata        0x81014d58        0x4 binaries/tempudp.o
 .rodata.str1.4
                0x81014d5c       0x5a binaries/tempudp.o
                                 0x5c (size before relaxing)
 *fill*         0x81014db6        0x2 
 .rodata.str1.4
                0x81014db8      0x154 binaries/tftp.o
                                0x158 (size before relaxing)
 .rodata        0x81014f0c       0xfc binaries/shell.o
                0x81014f0c                cmdtab
 .rodata.str1.4
                0x81015008      0x2e6 binaries/shell.o
                                0x2f0 (size before relaxing)
 *fill*         0x810152ee        0x2 
 .rodata.str1.4
                0x810152f0       0x29 binaries/xsh_argecho.o
                                 0x30 (size before relaxing)
 *fill*         0x81015319        0x3 
 .rodata.str1.4
                0x8101531c      0x13e binaries/xsh_arp.o
                                0x144 (size before relaxing)
 *fill*         0x8101545a        0x2 
 .rodata.str1.4
                0x8101545c       0x81 binaries/xsh_cat.o
                                 0xd4 (size before relaxing)
 *fill*         0x810154dd        0x3 
 .rodata.str1.4
                0x810154e0       0x19 binaries/xsh_clear.o
                                 0x1c (size before relaxing)
 *fill*         0x810154f9        0x3 
 .rodata.str1.4
                0x810154fc      0x1af binaries/xsh_date.o
                                0x1cc (size before relaxing)
 *fill*         0x810156ab        0x1 
 .rodata.str1.4
                0x810156ac       0x61 binaries/xsh_devdump.o
                                 0x64 (size before relaxing)
 *fill*         0x8101570d        0x3 
 .rodata.str1.4
                0x81015710        0x8 binaries/xsh_echo.o
                                  0xc (size before relaxing)
 .rodata.str1.4
                0x81015718       0xe7 binaries/xsh_help.o
                                0x17c (size before relaxing)
 *fill*         0x810157ff        0x1 
 .rodata.str1.4
                0x81015800       0xc8 binaries/xsh_kill.o
                                0x138 (size before relaxing)
 .rodata.str1.4
                0x810158c8      0x226 binaries/xsh_memdump.o
                                0x27c (size before relaxing)
 *fill*         0x81015aee        0x2 
 .rodata.str1.4
                0x81015af0      0x1cc binaries/xsh_memstat.o
                                0x234 (size before relaxing)
 .rodata.str1.4
                0x81015cbc      0x10f binaries/xsh_netinfo.o
                                0x1cc (size before relaxing)
 *fill*         0x81015dcb        0x1 
 .rodata.str1.4
                0x81015dcc      0x13f binaries/xsh_ping.o
                                0x1b4 (size before relaxing)
 *fill*         0x81015f0b        0x1 
 .rodata        0x81015f0c       0x20 binaries/xsh_ps.o
 .rodata.str1.4
                0x81015f2c      0x11a binaries/xsh_ps.o
                                0x1d4 (size before relaxing)
 *fill*         0x81016046        0x2 
 .rodata.str1.4
                0x81016048       0x5e binaries/xsh_sleep.o
                                 0xf8 (size before relaxing)
 *fill*         0x810160a6        0x2 
 .rodata        0x810160a8        0xc binaries/xsh_udpdump.o
 .rodata.str1.4
                0x810160b4      0x122 binaries/xsh_udpdump.o
                                0x1e0 (size before relaxing)
 *fill*         0x810161d6        0x2 
 .rodata.str1.4
                0x810161d8      0x1ae binaries/xsh_udpecho.o
                                0x224 (size before relaxing)
 *fill*         0x81016386        0x2 
 .rodata.str1.4
                0x81016388       0x97 binaries/xsh_udpserver.o
                                0x13c (size before relaxing)
 *fill*         0x8101641f        0x1 
 .rodata.str1.4
                0x81016420       0x78 binaries/xsh_uptime.o
                                0x114 (size before relaxing)
                0x81016498                etext = ABSOLUTE (.)
                0x81017000                . = ALIGN (0x1000)
 *fill*         0x81016498      0xb68 

.glue_7         0x81017000        0x0
 .glue_7        0x00000000        0x0 linker stubs

.glue_7t        0x81017000        0x0
 .glue_7t       0x00000000        0x0 linker stubs

.vfp11_veneer   0x81017000        0x0
 .vfp11_veneer  0x00000000        0x0 linker stubs

.v4_bx          0x81017000        0x0
 .v4_bx         0x00000000        0x0 linker stubs

.iplt           0x81017000        0x0
 .iplt          0x00000000        0x0 binaries/start.o

.rel.dyn        0x81017000        0x0
 .rel.iplt      0x00000000        0x0 binaries/start.o

.data           0x81017000     0x1000
                0x81017000                data = ABSOLUTE (.)
 *(.data .data.*)
 .data          0x81017000        0x0 binaries/start.o
 .data          0x81017000        0x0 binaries/actuator.o
 .data          0x81017000        0x0 binaries/analog.o
 .data          0x81017000       0x88 binaries/ascdate.o
                0x81017000                Date
 .data          0x81017088        0x0 binaries/bufinit.o
 .data          0x81017088        0x0 binaries/chprio.o
 .data          0x81017088        0x4 binaries/clkhandler.o
 .data          0x8101708c        0x0 binaries/clkinit.o
 .data          0x8101708c        0x0 binaries/close.o
 .data          0x8101708c      0x708 binaries/conf.o
                0x8101708c                devtab
 .data          0x81017794        0x0 binaries/control.o
 .data          0x81017794        0x4 binaries/create.o
 .data          0x81017798       0x40 binaries/evec.o
                0x81017798                expmsg2
                0x810177ac                expmsg1
 .data          0x810177d8        0x0 binaries/exit.o
 .data          0x810177d8        0x0 binaries/freebuf.o
 .data          0x810177d8        0x0 binaries/freemem.o
 .data          0x810177d8        0x0 binaries/getbuf.o
 .data          0x810177d8        0x0 binaries/getc.o
 .data          0x810177d8        0x0 binaries/getdev.o
 .data          0x810177d8        0x0 binaries/getitem.o
 .data          0x810177d8        0x0 binaries/getmem.o
 .data          0x810177d8        0x0 binaries/getpid.o
 .data          0x810177d8        0x0 binaries/getprio.o
 .data          0x810177d8        0x0 binaries/getstk.o
 .data          0x810177d8        0x0 binaries/getticks.o
 .data          0x810177d8        0x0 binaries/gettime.o
 .data          0x810177d8        0x0 binaries/getutime.o
 .data          0x810177d8        0x0 binaries/init.o
 .data          0x810177d8        0x0 binaries/initialize.o
 .data          0x810177d8        0x0 binaries/insert.o
 .data          0x810177d8        0x0 binaries/insertd.o
 .data          0x810177d8        0x0 binaries/ioerr.o
 .data          0x810177d8        0x0 binaries/ionull.o
 .data          0x810177d8        0x0 binaries/kill.o
 .data          0x810177d8        0x0 binaries/kprintf.o
 .data          0x810177d8        0x0 binaries/main.o
 .data          0x810177d8        0x0 binaries/mark.o
 .data          0x810177d8        0x0 binaries/meminit.o
 .data          0x810177d8        0x0 binaries/mkbufpool.o
 .data          0x810177d8        0x2 binaries/newqueue.o
 .data          0x810177da        0x0 binaries/open.o
 .data          0x810177da        0x0 binaries/panic.o
 .data          0x810177da        0x0 binaries/platinit.o
 .data          0x810177da        0x0 binaries/ptclear.o
 .data          0x810177da        0x0 binaries/ptcount.o
 .data          0x810177da        0x0 binaries/ptcreate.o
 .data          0x810177da        0x0 binaries/ptdelete.o
 .data          0x810177da        0x0 binaries/ptinit.o
 .data          0x810177da        0x0 binaries/ptrecv.o
 .data          0x810177da        0x0 binaries/ptreset.o
 .data          0x810177da        0x0 binaries/ptsend.o
 .data          0x810177da        0x0 binaries/publish.o
 .data          0x810177da        0x0 binaries/pubtopic.o
 .data          0x810177da        0x0 binaries/putc.o
 .data          0x810177da        0x0 binaries/queue.o
 .data          0x810177da        0x0 binaries/read.o
 .data          0x810177da        0x0 binaries/ready.o
 .data          0x810177da        0x0 binaries/receive.o
 .data          0x810177da        0x0 binaries/receiveMsg.o
 .data          0x810177da        0x0 binaries/receiveMsgs.o
 .data          0x810177da        0x0 binaries/recvclr.o
 .data          0x810177da        0x0 binaries/recvtime.o
 .data          0x810177da        0x0 binaries/resched.o
 .data          0x810177da        0x0 binaries/resume.o
 .data          0x810177da        0x0 binaries/seek.o
 .data          0x810177da        0x0 binaries/semcount.o
 .data          0x810177da        0x0 binaries/semcreate.o
 .data          0x810177da        0x0 binaries/semdelete.o
 .data          0x810177da        0x0 binaries/semreset.o
 .data          0x810177da        0x0 binaries/send.o
 .data          0x810177da        0x0 binaries/sendMsg.o
 .data          0x810177da        0x0 binaries/sendMsgs.o
 .data          0x810177da        0x0 binaries/sendnMsg.o
 .data          0x810177da        0x0 binaries/signal.o
 .data          0x810177da        0x0 binaries/signaln.o
 .data          0x810177da        0x0 binaries/sleep.o
 .data          0x810177da        0x0 binaries/subscribe.o
 .data          0x810177da        0x0 binaries/suspend.o
 .data          0x810177da        0x0 binaries/unsleep.o
 .data          0x810177da        0x0 binaries/unsubscribe.o
 .data          0x810177da        0x0 binaries/userret.o
 .data          0x810177da        0x0 binaries/wait.o
 .data          0x810177da        0x0 binaries/wakeup.o
 .data          0x810177da        0x0 binaries/write.o
 .data          0x810177da        0x0 binaries/xdone.o
 .data          0x810177da        0x0 binaries/yield.o
 .data          0x810177da        0x0 binaries/abs.o
 .data          0x810177da        0x0 binaries/atoi.o
 .data          0x810177da        0x0 binaries/atol.o
 .data          0x810177da        0x0 binaries/bzero.o
 .data          0x810177da        0x0 binaries/ctype_.o
 .data          0x810177da        0x0 binaries/doprnt.o
 *fill*         0x810177da        0x2 
 .data          0x810177dc       0x80 binaries/doscan.o
                0x810177dc                _sctab
 .data          0x8101785c        0x0 binaries/fdoprnt.o
 .data          0x8101785c        0x0 binaries/fgetc.o
 .data          0x8101785c        0x0 binaries/fgets.o
 .data          0x8101785c        0x0 binaries/fprintf.o
 .data          0x8101785c        0x0 binaries/fputc.o
 .data          0x8101785c        0x0 binaries/fputs.o
 .data          0x8101785c        0x0 binaries/fscanf.o
 .data          0x8101785c        0x0 binaries/getchar.o
 .data          0x8101785c        0x0 binaries/labs.o
 .data          0x8101785c        0x0 binaries/memchr.o
 .data          0x8101785c        0x0 binaries/memcmp.o
 .data          0x8101785c        0x0 binaries/memcpy.o
 .data          0x8101785c        0x0 binaries/memset.o
 .data          0x8101785c        0x0 binaries/printf.o
 .data          0x8101785c        0x0 binaries/putchar.o
 .data          0x8101785c        0x0 binaries/qsort.o
 .data          0x8101785c        0x4 binaries/rand.o
 .data          0x81017860        0x0 binaries/sprintf.o
 .data          0x81017860        0x0 binaries/sscanf.o
 .data          0x81017860        0x0 binaries/strchr.o
 .data          0x81017860        0x0 binaries/strcmp.o
 .data          0x81017860        0x0 binaries/strcpy.o
 .data          0x81017860        0x0 binaries/strlen.o
 .data          0x81017860        0x0 binaries/strncat.o
 .data          0x81017860        0x0 binaries/strncmp.o
 .data          0x81017860        0x0 binaries/strncpy.o
 .data          0x81017860        0x0 binaries/strnlen.o
 .data          0x81017860        0x0 binaries/strrchr.o
 .data          0x81017860        0x0 binaries/strstr.o
 .data          0x81017860        0x0 binaries/ttycontrol.o
 .data          0x81017860        0x0 binaries/ttygetc.o
 .data          0x81017860        0x0 binaries/ttyhandle_in.o
 .data          0x81017860        0x0 binaries/ttyhandle_out.o
 .data          0x81017860        0x0 binaries/ttyhandler.o
 .data          0x81017860        0x0 binaries/ttyinit.o
 .data          0x81017860        0x0 binaries/ttykickout.o
 .data          0x81017860        0x0 binaries/ttyputc.o
 .data          0x81017860        0x0 binaries/ttyread.o
 .data          0x81017860        0x0 binaries/ttywrite.o
 .data          0x81017860        0x0 binaries/mount.o
 .data          0x81017860        0x0 binaries/naminit.o
 .data          0x81017860        0x0 binaries/nammap.o
 .data          0x81017860        0x0 binaries/namopen.o
 .data          0x81017860        0x0 binaries/ethcontrol.o
 .data          0x81017860        0x0 binaries/ethhandler.o
 .data          0x81017860        0x0 binaries/ethinit.o
 .data          0x81017860        0x0 binaries/ethread.o
 .data          0x81017860        0x0 binaries/ethwrite.o
 .data          0x81017860        0x0 binaries/rdsbufalloc.o
 .data          0x81017860        0x0 binaries/rdsclose.o
 .data          0x81017860        0x0 binaries/rdscomm.o
 .data          0x81017860        0x0 binaries/rdscontrol.o
 .data          0x81017860        0x0 binaries/rdsinit.o
 .data          0x81017860        0x0 binaries/rdsopen.o
 .data          0x81017860        0x0 binaries/rdsprocess.o
 .data          0x81017860        0x0 binaries/rdsread.o
 .data          0x81017860        0x0 binaries/rdswrite.o
 .data          0x81017860        0x0 binaries/ramclose.o
 .data          0x81017860        0x0 binaries/raminit.o
 .data          0x81017860        0x0 binaries/ramopen.o
 .data          0x81017860        0x0 binaries/ramread.o
 .data          0x81017860        0x0 binaries/ramwrite.o
 .data          0x81017860        0x0 binaries/lfdballoc.o
 .data          0x81017860        0x0 binaries/lfdbfree.o
 .data          0x81017860        0x0 binaries/lfflush.o
 .data          0x81017860        0x0 binaries/lfgetmode.o
 .data          0x81017860        0x0 binaries/lfiballoc.o
 .data          0x81017860        0x0 binaries/lfibclear.o
 .data          0x81017860        0x0 binaries/lfibget.o
 .data          0x81017860        0x0 binaries/lfibput.o
 .data          0x81017860        0x0 binaries/lflclose.o
 .data          0x81017860        0x0 binaries/lflcontrol.o
 .data          0x81017860        0x0 binaries/lflgetc.o
 .data          0x81017860        0x0 binaries/lflinit.o
 .data          0x81017860        0x0 binaries/lflputc.o
 .data          0x81017860        0x0 binaries/lflread.o
 .data          0x81017860        0x0 binaries/lflseek.o
 .data          0x81017860        0x0 binaries/lflwrite.o
 .data          0x81017860        0x0 binaries/lfscheck.o
 .data          0x81017860        0x0 binaries/lfsckfmt.o
 .data          0x81017860        0x0 binaries/lfscreate.o
 .data          0x81017860        0x0 binaries/lfsetup.o
 .data          0x81017860        0x0 binaries/lfsinit.o
 .data          0x81017860        0x0 binaries/lfsopen.o
 .data          0x81017860        0x0 binaries/lftruncate.o
 .data          0x81017860        0x0 binaries/rflclose.o
 .data          0x81017860        0x0 binaries/rflgetc.o
 .data          0x81017860        0x0 binaries/rflinit.o
 .data          0x81017860        0x0 binaries/rflputc.o
 .data          0x81017860        0x0 binaries/rflread.o
 .data          0x81017860        0x0 binaries/rflseek.o
 .data          0x81017860        0x0 binaries/rflwrite.o
 .data          0x81017860        0x0 binaries/rfscomm.o
 .data          0x81017860        0x0 binaries/rfscontrol.o
 .data          0x81017860        0x0 binaries/rfsgetmode.o
 .data          0x81017860        0x0 binaries/rfsinit.o
 .data          0x81017860        0x0 binaries/rfsndmsg.o
 .data          0x81017860        0x0 binaries/rfsopen.o
 .data          0x81017860        0x0 binaries/spicontrol.o
 .data          0x81017860        0x0 binaries/spiinit.o
 .data          0x81017860        0x0 binaries/actuatorlowlevel.o
 .data          0x81017860        0x0 binaries/actuatorputc.o
 .data          0x81017860        0x0 binaries/analoggetc.o
 .data          0x81017860        0x0 binaries/analoginit.o
 .data          0x81017860        0x0 binaries/digitalgetc.o
 .data          0x81017860        0x0 binaries/digitallowlevel.o
 .data          0x81017860        0x0 binaries/arp.o
 .data          0x81017860        0x0 binaries/devudp.o
 .data          0x81017860        0x0 binaries/dhcp.o
 .data          0x81017860        0x0 binaries/dns.o
 .data          0x81017860        0x0 binaries/dot2ip.o
 .data          0x81017860        0x0 binaries/hexdump.o
 .data          0x81017860        0x4 binaries/icmp.o
 .data          0x81017864        0x0 binaries/ip.o
 .data          0x81017864        0x0 binaries/ledudp.o
 .data          0x81017864        0x0 binaries/net.o
 .data          0x81017864        0x0 binaries/pdump.o
 .data          0x81017864        0x0 binaries/proximityudp.o
 .data          0x81017864        0x0 binaries/tempudp.o
 .data          0x81017864        0x0 binaries/tftp.o
 .data          0x81017864        0x4 binaries/udp.o
 .data          0x81017868        0x0 binaries/addargs.o
 .data          0x81017868        0x0 binaries/lexan.o
 .data          0x81017868        0x4 binaries/shell.o
                0x81017868                ncmd
 .data          0x8101786c        0x0 binaries/xsh_argecho.o
 .data          0x8101786c        0x0 binaries/xsh_arp.o
 .data          0x8101786c        0x0 binaries/xsh_cat.o
 .data          0x8101786c        0x0 binaries/xsh_clear.o
 .data          0x8101786c        0x0 binaries/xsh_date.o
 .data          0x8101786c        0x0 binaries/xsh_devdump.o
 .data          0x8101786c        0x0 binaries/xsh_echo.o
 .data          0x8101786c        0x0 binaries/xsh_exit.o
 .data          0x8101786c        0x0 binaries/xsh_help.o
 .data          0x8101786c        0x0 binaries/xsh_kill.o
 .data          0x8101786c        0x0 binaries/xsh_memdump.o
 .data          0x8101786c        0x0 binaries/xsh_memstat.o
 .data          0x8101786c        0x0 binaries/xsh_netinfo.o
 .data          0x8101786c        0x0 binaries/xsh_ping.o
 .data          0x8101786c        0x0 binaries/xsh_ps.o
 .data          0x8101786c        0x0 binaries/xsh_sleep.o
 .data          0x8101786c        0x0 binaries/xsh_udpdump.o
 .data          0x8101786c        0x0 binaries/xsh_udpecho.o
 .data          0x8101786c        0x0 binaries/xsh_udpserver.o
 .data          0x8101786c        0x0 binaries/xsh_uptime.o
 .data          0x8101786c        0x0 binaries/ctxsw.o
 .data          0x8101786c        0x0 binaries/intr.o
 .data          0x8101786c        0x0 ../cross_compiler/lib/gcc/arm-none-eabi/4.8.1//libgcc.a(_udivsi3.o)
 .data          0x8101786c        0x0 ../cross_compiler/lib/gcc/arm-none-eabi/4.8.1//libgcc.a(_divsi3.o)
 .data          0x8101786c        0x0 ../cross_compiler/lib/gcc/arm-none-eabi/4.8.1//libgcc.a(_dvmd_tls.o)
 .data          0x8101786c        0x0 ../cross_compiler/lib/gcc/arm-none-eabi/4.8.1//libgcc.a(_arm_addsubdf3.o)
 .data          0x8101786c        0x0 ../cross_compiler/lib/gcc/arm-none-eabi/4.8.1//libgcc.a(_arm_muldivdf3.o)
 .data          0x8101786c        0x0 ../cross_compiler/lib/gcc/arm-none-eabi/4.8.1//libgcc.a(_arm_cmpdf2.o)
 .data          0x8101786c        0x0 ../cross_compiler/lib/gcc/arm-none-eabi/4.8.1//libgcc.a(_arm_fixdfsi.o)
 .data          0x8101786c        0x0 ../cross_compiler/lib/gcc/arm-none-eabi/4.8.1//libgcc.a(_arm_truncdfsf2.o)
 .data          0x8101786c        0x0 ../cross_compiler/lib/gcc/arm-none-eabi/4.8.1//libgcc.a(_arm_addsubsf3.o)
 .data          0x8101786c        0x0 ../cross_compiler/lib/gcc/arm-none-eabi/4.8.1//libgcc.a(_arm_fixunssfsi.o)
                0x8101786c                edata = ABSOLUTE (.)
                0x81018000                . = ALIGN (0x1000)
 *fill*         0x8101786c      0x794 

.igot.plt       0x81018000        0x0
 .igot.plt      0x00000000        0x0 binaries/start.o

.bss            0x81018000    0x34000
                0x81018000                bss = ABSOLUTE (.)
 *(.bss .bss.*)
 .bss           0x81018000        0x0 binaries/start.o
 .bss           0x81018000        0x0 binaries/actuator.o
 .bss           0x81018000        0x0 binaries/analog.o
 .bss           0x81018000        0x0 binaries/ascdate.o
 .bss           0x81018000        0x0 binaries/bufinit.o
 .bss           0x81018000        0x0 binaries/chprio.o
 .bss           0x81018000        0x0 binaries/clkhandler.o
 .bss           0x81018000        0x4 binaries/clkinit.o
                0x81018000                ctr1000
 .bss           0x81018004        0x0 binaries/close.o
 .bss           0x81018004        0x0 binaries/conf.o
 .bss           0x81018004        0x0 binaries/control.o
 .bss           0x81018004        0x0 binaries/create.o
 .bss           0x81018004        0x0 binaries/evec.o
 .bss           0x81018004        0x0 binaries/exit.o
 .bss           0x81018004        0x0 binaries/freebuf.o
 .bss           0x81018004        0x0 binaries/freemem.o
 .bss           0x81018004        0x0 binaries/getbuf.o
 .bss           0x81018004        0x0 binaries/getc.o
 .bss           0x81018004        0x0 binaries/getdev.o
 .bss           0x81018004        0x0 binaries/getitem.o
 .bss           0x81018004        0x0 binaries/getmem.o
 .bss           0x81018004        0x0 binaries/getpid.o
 .bss           0x81018004        0x0 binaries/getprio.o
 .bss           0x81018004        0x0 binaries/getstk.o
 .bss           0x81018004        0x0 binaries/getticks.o
 .bss           0x81018004        0x0 binaries/gettime.o
 .bss           0x81018004        0x0 binaries/getutime.o
 .bss           0x81018004        0x0 binaries/init.o
 .bss           0x81018004        0x4 binaries/initialize.o
                0x81018004                head1
 .bss           0x81018008        0x0 binaries/insert.o
 .bss           0x81018008        0x0 binaries/insertd.o
 .bss           0x81018008        0x0 binaries/ioerr.o
 .bss           0x81018008        0x0 binaries/ionull.o
 .bss           0x81018008        0x0 binaries/kill.o
 .bss           0x81018008        0x0 binaries/kprintf.o
 .bss           0x81018008        0x0 binaries/main.o
 .bss           0x81018008        0x0 binaries/mark.o
 .bss           0x81018008        0x0 binaries/meminit.o
 .bss           0x81018008        0x0 binaries/mkbufpool.o
 .bss           0x81018008        0x0 binaries/newqueue.o
 .bss           0x81018008        0x0 binaries/open.o
 .bss           0x81018008        0x0 binaries/panic.o
 .bss           0x81018008        0x0 binaries/platinit.o
 .bss           0x81018008        0x0 binaries/ptclear.o
 .bss           0x81018008        0x0 binaries/ptcount.o
 .bss           0x81018008        0x0 binaries/ptcreate.o
 .bss           0x81018008        0x0 binaries/ptdelete.o
 .bss           0x81018008        0x0 binaries/ptinit.o
 .bss           0x81018008        0x0 binaries/ptrecv.o
 .bss           0x81018008        0x0 binaries/ptreset.o
 .bss           0x81018008        0x0 binaries/ptsend.o
 .bss           0x81018008        0x0 binaries/publish.o
 .bss           0x81018008        0x0 binaries/pubtopic.o
 .bss           0x81018008        0x0 binaries/putc.o
 .bss           0x81018008        0x0 binaries/queue.o
 .bss           0x81018008        0x0 binaries/read.o
 .bss           0x81018008        0x0 binaries/ready.o
 .bss           0x81018008        0x0 binaries/receive.o
 .bss           0x81018008        0x0 binaries/receiveMsg.o
 .bss           0x81018008        0x0 binaries/receiveMsgs.o
 .bss           0x81018008        0x0 binaries/recvclr.o
 .bss           0x81018008        0x0 binaries/recvtime.o
 .bss           0x81018008        0x0 binaries/resched.o
 .bss           0x81018008        0x0 binaries/resume.o
 .bss           0x81018008        0x0 binaries/seek.o
 .bss           0x81018008        0x0 binaries/semcount.o
 .bss           0x81018008        0x4 binaries/semcreate.o
 .bss           0x8101800c        0x0 binaries/semdelete.o
 .bss           0x8101800c        0x0 binaries/semreset.o
 .bss           0x8101800c        0x0 binaries/send.o
 .bss           0x8101800c        0x0 binaries/sendMsg.o
 .bss           0x8101800c        0x0 binaries/sendMsgs.o
 .bss           0x8101800c        0x0 binaries/sendnMsg.o
 .bss           0x8101800c        0x0 binaries/signal.o
 .bss           0x8101800c        0x0 binaries/signaln.o
 .bss           0x8101800c        0x0 binaries/sleep.o
 .bss           0x8101800c        0x0 binaries/subscribe.o
 .bss           0x8101800c        0x0 binaries/suspend.o
 .bss           0x8101800c        0x0 binaries/unsleep.o
 .bss           0x8101800c        0x0 binaries/unsubscribe.o
 .bss           0x8101800c        0x0 binaries/userret.o
 .bss           0x8101800c        0x0 binaries/wait.o
 .bss           0x8101800c        0x0 binaries/wakeup.o
 .bss           0x8101800c        0x0 binaries/write.o
 .bss           0x8101800c        0x0 binaries/xdone.o
 .bss           0x8101800c        0x0 binaries/yield.o
 .bss           0x8101800c        0x0 binaries/abs.o
 .bss           0x8101800c        0x0 binaries/atoi.o
 .bss           0x8101800c        0x0 binaries/atol.o
 .bss           0x8101800c        0x0 binaries/bzero.o
 .bss           0x8101800c        0x0 binaries/ctype_.o
 .bss           0x8101800c        0x0 binaries/doprnt.o
 .bss           0x8101800c        0x0 binaries/doscan.o
 .bss           0x8101800c        0x0 binaries/fdoprnt.o
 .bss           0x8101800c        0x0 binaries/fgetc.o
 .bss           0x8101800c        0x0 binaries/fgets.o
 .bss           0x8101800c        0x0 binaries/fprintf.o
 .bss           0x8101800c        0x0 binaries/fputc.o
 .bss           0x8101800c        0x0 binaries/fputs.o
 .bss           0x8101800c        0x0 binaries/fscanf.o
 .bss           0x8101800c        0x0 binaries/getchar.o
 .bss           0x8101800c        0x0 binaries/labs.o
 .bss           0x8101800c        0x0 binaries/memchr.o
 .bss           0x8101800c        0x0 binaries/memcmp.o
 .bss           0x8101800c        0x0 binaries/memcpy.o
 .bss           0x8101800c        0x0 binaries/memset.o
 .bss           0x8101800c        0x0 binaries/printf.o
 .bss           0x8101800c        0x0 binaries/putchar.o
 .bss           0x8101800c        0x8 binaries/qsort.o
 .bss           0x81018014        0x0 binaries/rand.o
 .bss           0x81018014        0x0 binaries/sprintf.o
 .bss           0x81018014        0x0 binaries/sscanf.o
 .bss           0x81018014        0x0 binaries/strchr.o
 .bss           0x81018014        0x0 binaries/strcmp.o
 .bss           0x81018014        0x0 binaries/strcpy.o
 .bss           0x81018014        0x0 binaries/strlen.o
 .bss           0x81018014        0x0 binaries/strncat.o
 .bss           0x81018014        0x0 binaries/strncmp.o
 .bss           0x81018014        0x0 binaries/strncpy.o
 .bss           0x81018014        0x0 binaries/strnlen.o
 .bss           0x81018014        0x0 binaries/strrchr.o
 .bss           0x81018014        0x0 binaries/strstr.o
 .bss           0x81018014        0x0 binaries/ttycontrol.o
 .bss           0x81018014        0x0 binaries/ttygetc.o
 .bss           0x81018014        0x0 binaries/ttyhandle_in.o
 .bss           0x81018014        0x0 binaries/ttyhandle_out.o
 .bss           0x81018014        0x0 binaries/ttyhandler.o
 .bss           0x81018014        0x0 binaries/ttyinit.o
 .bss           0x81018014        0x0 binaries/ttykickout.o
 .bss           0x81018014        0x0 binaries/ttyputc.o
 .bss           0x81018014        0x0 binaries/ttyread.o
 .bss           0x81018014        0x0 binaries/ttywrite.o
 .bss           0x81018014        0x0 binaries/mount.o
 .bss           0x81018014        0x0 binaries/naminit.o
 .bss           0x81018014        0x0 binaries/nammap.o
 .bss           0x81018014        0x0 binaries/namopen.o
 .bss           0x81018014        0x0 binaries/ethcontrol.o
 .bss           0x81018014        0x0 binaries/ethhandler.o
 .bss           0x81018014        0x0 binaries/ethinit.o
 .bss           0x81018014        0x0 binaries/ethread.o
 .bss           0x81018014        0x0 binaries/ethwrite.o
 .bss           0x81018014        0x0 binaries/rdsbufalloc.o
 .bss           0x81018014        0x0 binaries/rdsclose.o
 .bss           0x81018014        0x0 binaries/rdscomm.o
 .bss           0x81018014        0x0 binaries/rdscontrol.o
 .bss           0x81018014        0x0 binaries/rdsinit.o
 .bss           0x81018014        0x0 binaries/rdsopen.o
 .bss           0x81018014        0x0 binaries/rdsprocess.o
 .bss           0x81018014        0x0 binaries/rdsread.o
 .bss           0x81018014        0x0 binaries/rdswrite.o
 .bss           0x81018014        0x0 binaries/ramclose.o
 .bss           0x81018014        0x0 binaries/raminit.o
 .bss           0x81018014        0x0 binaries/ramopen.o
 .bss           0x81018014        0x0 binaries/ramread.o
 .bss           0x81018014        0x0 binaries/ramwrite.o
 .bss           0x81018014        0x0 binaries/lfdballoc.o
 .bss           0x81018014        0x0 binaries/lfdbfree.o
 .bss           0x81018014        0x0 binaries/lfflush.o
 .bss           0x81018014        0x0 binaries/lfgetmode.o
 .bss           0x81018014        0x0 binaries/lfiballoc.o
 .bss           0x81018014        0x0 binaries/lfibclear.o
 .bss           0x81018014        0x0 binaries/lfibget.o
 .bss           0x81018014        0x0 binaries/lfibput.o
 .bss           0x81018014        0x0 binaries/lflclose.o
 .bss           0x81018014        0x0 binaries/lflcontrol.o
 .bss           0x81018014        0x0 binaries/lflgetc.o
 .bss           0x81018014        0x0 binaries/lflinit.o
 .bss           0x81018014        0x0 binaries/lflputc.o
 .bss           0x81018014        0x0 binaries/lflread.o
 .bss           0x81018014        0x0 binaries/lflseek.o
 .bss           0x81018014        0x0 binaries/lflwrite.o
 .bss           0x81018014        0x0 binaries/lfscheck.o
 .bss           0x81018014        0x0 binaries/lfsckfmt.o
 .bss           0x81018014        0x0 binaries/lfscreate.o
 .bss           0x81018014        0x0 binaries/lfsetup.o
 .bss           0x81018014        0x0 binaries/lfsinit.o
 .bss           0x81018014        0x0 binaries/lfsopen.o
 .bss           0x81018014        0x0 binaries/lftruncate.o
 .bss           0x81018014        0x0 binaries/rflclose.o
 .bss           0x81018014        0x0 binaries/rflgetc.o
 .bss           0x81018014        0x0 binaries/rflinit.o
 .bss           0x81018014        0x0 binaries/rflputc.o
 .bss           0x81018014        0x0 binaries/rflread.o
 .bss           0x81018014        0x0 binaries/rflseek.o
 .bss           0x81018014        0x0 binaries/rflwrite.o
 .bss           0x81018014        0x0 binaries/rfscomm.o
 .bss           0x81018014        0x0 binaries/rfscontrol.o
 .bss           0x81018014        0x0 binaries/rfsgetmode.o
 .bss           0x81018014        0x0 binaries/rfsinit.o
 .bss           0x81018014        0x0 binaries/rfsndmsg.o
 .bss           0x81018014        0x0 binaries/rfsopen.o
 .bss           0x81018014        0x0 binaries/spicontrol.o
 .bss           0x81018014        0x0 binaries/spiinit.o
 .bss           0x81018014        0x0 binaries/actuatorlowlevel.o
 .bss           0x81018014        0x0 binaries/actuatorputc.o
 .bss           0x81018014        0x0 binaries/analoggetc.o
 .bss           0x81018014        0x0 binaries/analoginit.o
 .bss           0x81018014        0x0 binaries/digitalgetc.o
 .bss           0x81018014        0x0 binaries/digitallowlevel.o
 .bss           0x81018014        0x0 binaries/arp.o
 .bss           0x81018014        0x0 binaries/devudp.o
 .bss           0x81018014        0x0 binaries/dhcp.o
 .bss           0x81018014        0x0 binaries/dns.o
 .bss           0x81018014        0x0 binaries/dot2ip.o
 .bss           0x81018014        0x0 binaries/hexdump.o
 .bss           0x81018014        0x0 binaries/icmp.o
 .bss           0x81018014        0x0 binaries/ip.o
 .bss           0x81018014        0x0 binaries/ledudp.o
 .bss           0x81018014        0x0 binaries/net.o
 .bss           0x81018014        0x0 binaries/pdump.o
 .bss           0x81018014        0x0 binaries/proximityudp.o
 .bss           0x81018014        0x0 binaries/tempudp.o
 .bss           0x81018014        0x0 binaries/tftp.o
 .bss           0x81018014        0x0 binaries/udp.o
 .bss           0x81018014        0x0 binaries/addargs.o
 .bss           0x81018014        0x0 binaries/lexan.o
 .bss           0x81018014        0x0 binaries/shell.o
 .bss           0x81018014        0x0 binaries/xsh_argecho.o
 .bss           0x81018014        0x0 binaries/xsh_arp.o
 .bss           0x81018014        0x0 binaries/xsh_cat.o
 .bss           0x81018014        0x0 binaries/xsh_clear.o
 .bss           0x81018014        0x0 binaries/xsh_date.o
 .bss           0x81018014        0x0 binaries/xsh_devdump.o
 .bss           0x81018014        0x0 binaries/xsh_echo.o
 .bss           0x81018014        0x0 binaries/xsh_exit.o
 .bss           0x81018014        0x0 binaries/xsh_help.o
 .bss           0x81018014        0x0 binaries/xsh_kill.o
 .bss           0x81018014        0x0 binaries/xsh_memdump.o
 .bss           0x81018014        0x0 binaries/xsh_memstat.o
 .bss           0x81018014        0x0 binaries/xsh_netinfo.o
 .bss           0x81018014        0x4 binaries/xsh_ping.o
 .bss           0x81018018        0x0 binaries/xsh_ps.o
 .bss           0x81018018        0x0 binaries/xsh_sleep.o
 .bss           0x81018018        0x0 binaries/xsh_udpdump.o
[...]
 .ARM.attributes
                0x000023f6       0x35 binaries/lfsetup.o
 .ARM.attributes
                0x0000242b       0x35 binaries/lfsinit.o
 .ARM.attributes
                0x00002460       0x35 binaries/lfsopen.o
 .ARM.attributes
                0x00002495       0x35 binaries/lftruncate.o
 .ARM.attributes
                0x000024ca       0x35 binaries/rflclose.o
 .ARM.attributes
                0x000024ff       0x35 binaries/rflgetc.o
 .ARM.attributes
                0x00002534       0x35 binaries/rflinit.o
 .ARM.attributes
                0x00002569       0x35 binaries/rflputc.o
 .ARM.attributes
                0x0000259e       0x35 binaries/rflread.o
 .ARM.attributes
                0x000025d3       0x35 binaries/rflseek.o
 .ARM.attributes
                0x00002608       0x35 binaries/rflwrite.o
 .ARM.attributes
                0x0000263d       0x35 binaries/rfscomm.o
 .ARM.attributes
                0x00002672       0x35 binaries/rfscontrol.o
 .ARM.attributes
                0x000026a7       0x35 binaries/rfsgetmode.o
 .ARM.attributes
                0x000026dc       0x35 binaries/rfsinit.o
 .ARM.attributes
                0x00002711       0x35 binaries/rfsndmsg.o
 .ARM.attributes
                0x00002746       0x35 binaries/rfsopen.o
 .ARM.attributes
                0x0000277b       0x35 binaries/spicontrol.o
 .ARM.attributes
                0x000027b0       0x35 binaries/spiinit.o
 .ARM.attributes
                0x000027e5       0x35 binaries/actuatorlowlevel.o
 .ARM.attributes
                0x0000281a       0x35 binaries/actuatorputc.o
 .ARM.attributes
                0x0000284f       0x35 binaries/analoggetc.o
 .ARM.attributes
                0x00002884       0x35 binaries/analoginit.o
 .ARM.attributes
                0x000028b9       0x35 binaries/digitalgetc.o
 .ARM.attributes
                0x000028ee       0x35 binaries/digitallowlevel.o
 .ARM.attributes
                0x00002923       0x35 binaries/arp.o
 .ARM.attributes
                0x00002958       0x35 binaries/devudp.o
 .ARM.attributes
                0x0000298d       0x35 binaries/dhcp.o
 .ARM.attributes
                0x000029c2       0x35 binaries/dns.o
 .ARM.attributes
                0x000029f7       0x35 binaries/dot2ip.o
 .ARM.attributes
                0x00002a2c       0x35 binaries/hexdump.o
 .ARM.attributes
                0x00002a61       0x35 binaries/icmp.o
 .ARM.attributes
                0x00002a96       0x35 binaries/ip.o
 .ARM.attributes
                0x00002acb       0x35 binaries/ledudp.o
 .ARM.attributes
                0x00002b00       0x35 binaries/net.o
 .ARM.attributes
                0x00002b35       0x35 binaries/pdump.o
 .ARM.attributes
                0x00002b6a       0x35 binaries/proximityudp.o
 .ARM.attributes
                0x00002b9f       0x35 binaries/tempudp.o
 .ARM.attributes
                0x00002bd4       0x35 binaries/tftp.o
 .ARM.attributes
                0x00002c09       0x35 binaries/udp.o
 .ARM.attributes
                0x00002c3e       0x35 binaries/addargs.o
 .ARM.attributes
                0x00002c73       0x35 binaries/lexan.o
 .ARM.attributes
                0x00002ca8       0x35 binaries/shell.o
 .ARM.attributes
                0x00002cdd       0x35 binaries/xsh_argecho.o
 .ARM.attributes
                0x00002d12       0x35 binaries/xsh_arp.o
 .ARM.attributes
                0x00002d47       0x35 binaries/xsh_cat.o
 .ARM.attributes
                0x00002d7c       0x35 binaries/xsh_clear.o
 .ARM.attributes
                0x00002db1       0x35 binaries/xsh_date.o
 .ARM.attributes
                0x00002de6       0x35 binaries/xsh_devdump.o
 .ARM.attributes
                0x00002e1b       0x35 binaries/xsh_echo.o
 .ARM.attributes
                0x00002e50       0x35 binaries/xsh_exit.o
 .ARM.attributes
                0x00002e85       0x35 binaries/xsh_help.o
 .ARM.attributes
                0x00002eba       0x35 binaries/xsh_kill.o
 .ARM.attributes
                0x00002eef       0x35 binaries/xsh_memdump.o
 .ARM.attributes
                0x00002f24       0x35 binaries/xsh_memstat.o
 .ARM.attributes
                0x00002f59       0x35 binaries/xsh_netinfo.o
 .ARM.attributes
                0x00002f8e       0x35 binaries/xsh_ping.o
 .ARM.attributes
                0x00002fc3       0x35 binaries/xsh_ps.o
 .ARM.attributes
                0x00002ff8       0x35 binaries/xsh_sleep.o
 .ARM.attributes
                0x0000302d       0x35 binaries/xsh_udpdump.o
 .ARM.attributes
                0x00003062       0x35 binaries/xsh_udpecho.o
 .ARM.attributes
                0x00003097       0x35 binaries/xsh_udpserver.o
 .ARM.attributes
                0x000030cc       0x35 binaries/xsh_uptime.o
 .ARM.attributes
                0x00003101       0x25 binaries/ctxsw.o
 .ARM.attributes
                0x00003126       0x25 binaries/intr.o
 .ARM.attributes
                0x0000314b       0x18 ../cross_compiler/lib/gcc/arm-none-eabi/4.8.1//libgcc.a(_udivsi3.o)
 .ARM.attributes
                0x00003163       0x18 ../cross_compiler/lib/gcc/arm-none-eabi/4.8.1//libgcc.a(_divsi3.o)
 .ARM.attributes
                0x0000317b       0x18 ../cross_compiler/lib/gcc/arm-none-eabi/4.8.1//libgcc.a(_dvmd_tls.o)
 .ARM.attributes
                0x00003193       0x18 ../cross_compiler/lib/gcc/arm-none-eabi/4.8.1//libgcc.a(_arm_addsubdf3.o)
 .ARM.attributes
                0x000031ab       0x18 ../cross_compiler/lib/gcc/arm-none-eabi/4.8.1//libgcc.a(_arm_muldivdf3.o)
 .ARM.attributes
                0x000031c3       0x18 ../cross_compiler/lib/gcc/arm-none-eabi/4.8.1//libgcc.a(_arm_cmpdf2.o)
 .ARM.attributes
                0x000031db       0x18 ../cross_compiler/lib/gcc/arm-none-eabi/4.8.1//libgcc.a(_arm_fixdfsi.o)
 .ARM.attributes
                0x000031f3       0x18 ../cross_compiler/lib/gcc/arm-none-eabi/4.8.1//libgcc.a(_arm_truncdfsf2.o)
 .ARM.attributes
                0x0000320b       0x18 ../cross_compiler/lib/gcc/arm-none-eabi/4.8.1//libgcc.a(_arm_addsubsf3.o)
 .ARM.attributes
                0x00003223       0x18 ../cross_compiler/lib/gcc/arm-none-eabi/4.8.1//libgcc.a(_arm_fixunssfsi.o)

.comment        0x00000000       0x30
 .comment       0x00000000       0x30 binaries/actuator.o
                                 0x31 (size before relaxing)
 .comment       0x00000000       0x31 binaries/analog.o
 .comment       0x00000000       0x31 binaries/ascdate.o
 .comment       0x00000000       0x31 binaries/bufinit.o
 .comment       0x00000000       0x31 binaries/chprio.o
 .comment       0x00000000       0x31 binaries/clkhandler.o
 .comment       0x00000000       0x31 binaries/clkinit.o
 .comment       0x00000000       0x31 binaries/close.o
 .comment       0x00000000       0x31 binaries/conf.o
 .comment       0x00000000       0x31 binaries/control.o
 .comment       0x00000000       0x31 binaries/create.o
 .comment       0x00000000       0x31 binaries/evec.o
 .comment       0x00000000       0x31 binaries/exit.o
 .comment       0x00000000       0x31 binaries/freebuf.o
 .comment       0x00000000       0x31 binaries/freemem.o
 .comment       0x00000000       0x31 binaries/getbuf.o
 .comment       0x00000000       0x31 binaries/getc.o
 .comment       0x00000000       0x31 binaries/getdev.o
 .comment       0x00000000       0x31 binaries/getitem.o
 .comment       0x00000000       0x31 binaries/getmem.o
 .comment       0x00000000       0x31 binaries/getpid.o
 .comment       0x00000000       0x31 binaries/getprio.o
 .comment       0x00000000       0x31 binaries/getstk.o
 .comment       0x00000000       0x31 binaries/getticks.o
 .comment       0x00000000       0x31 binaries/gettime.o
 .comment       0x00000000       0x31 binaries/getutime.o
 .comment       0x00000000       0x31 binaries/init.o
 .comment       0x00000000       0x31 binaries/initialize.o
 .comment       0x00000000       0x31 binaries/insert.o
 .comment       0x00000000       0x31 binaries/insertd.o
 .comment       0x00000000       0x31 binaries/ioerr.o
 .comment       0x00000000       0x31 binaries/ionull.o
 .comment       0x00000000       0x31 binaries/kill.o
 .comment       0x00000000       0x31 binaries/kprintf.o
 .comment       0x00000000       0x31 binaries/main.o
 .comment       0x00000000       0x31 binaries/mark.o
 .comment       0x00000000       0x31 binaries/meminit.o
 .comment       0x00000000       0x31 binaries/mkbufpool.o
 .comment       0x00000000       0x31 binaries/newqueue.o
 .comment       0x00000000       0x31 binaries/open.o
 .comment       0x00000000       0x31 binaries/panic.o
 .comment       0x00000000       0x31 binaries/platinit.o
 .comment       0x00000000       0x31 binaries/ptclear.o
 .comment       0x00000000       0x31 binaries/ptcount.o
 .comment       0x00000000       0x31 binaries/ptcreate.o
 .comment       0x00000000       0x31 binaries/ptdelete.o
 .comment       0x00000000       0x31 binaries/ptinit.o
 .comment       0x00000000       0x31 binaries/ptrecv.o
 .comment       0x00000000       0x31 binaries/ptreset.o
 .comment       0x00000000       0x31 binaries/ptsend.o
 .comment       0x00000000       0x31 binaries/publish.o
 .comment       0x00000000       0x31 binaries/pubtopic.o
 .comment       0x00000000       0x31 binaries/putc.o
 .comment       0x00000000       0x31 binaries/queue.o
 .comment       0x00000000       0x31 binaries/read.o
 .comment       0x00000000       0x31 binaries/ready.o
 .comment       0x00000000       0x31 binaries/receive.o
 .comment       0x00000000       0x31 binaries/receiveMsg.o
 .comment       0x00000000       0x31 binaries/receiveMsgs.o
 .comment       0x00000000       0x31 binaries/recvclr.o
 .comment       0x00000000       0x31 binaries/recvtime.o
 .comment       0x00000000       0x31 binaries/resched.o
 .comment       0x00000000       0x31 binaries/resume.o
 .comment       0x00000000       0x31 binaries/seek.o
 .comment       0x00000000       0x31 binaries/semcount.o
 .comment       0x00000000       0x31 binaries/semcreate.o
 .comment       0x00000000       0x31 binaries/semdelete.o
 .comment       0x00000000       0x31 binaries/semreset.o
 .comment       0x00000000       0x31 binaries/send.o
 .comment       0x00000000       0x31 binaries/sendMsg.o
 .comment       0x00000000       0x31 binaries/sendMsgs.o
 .comment       0x00000000       0x31 binaries/sendnMsg.o
 .comment       0x00000000       0x31 binaries/signal.o
 .comment       0x00000000       0x31 binaries/signaln.o
 .comment       0x00000000       0x31 binaries/sleep.o
 .comment       0x00000000       0x31 binaries/subscribe.o
 .comment       0x00000000       0x31 binaries/suspend.o
 .comment       0x00000000       0x31 binaries/unsleep.o
 .comment       0x00000000       0x31 binaries/unsubscribe.o
 .comment       0x00000000       0x31 binaries/userret.o
 .comment       0x00000000       0x31 binaries/wait.o
 .comment       0x00000000       0x31 binaries/wakeup.o
 .comment       0x00000000       0x31 binaries/write.o
 .comment       0x00000000       0x31 binaries/xdone.o
 .comment       0x00000000       0x31 binaries/yield.o
 .comment       0x00000000       0x31 binaries/abs.o
 .comment       0x00000000       0x31 binaries/atoi.o
 .comment       0x00000000       0x31 binaries/atol.o
 .comment       0x00000000       0x31 binaries/bzero.o
 .comment       0x00000000       0x31 binaries/ctype_.o
 .comment       0x00000000       0x31 binaries/doprnt.o
 .comment       0x00000000       0x31 binaries/doscan.o
 .comment       0x00000000       0x31 binaries/fdoprnt.o
 .comment       0x00000000       0x31 binaries/fgetc.o
 .comment       0x00000000       0x31 binaries/fgets.o
 .comment       0x00000000       0x31 binaries/fprintf.o
 .comment       0x00000000       0x31 binaries/fputc.o
 .comment       0x00000000       0x31 binaries/fputs.o
 .comment       0x00000000       0x31 binaries/fscanf.o
 .comment       0x00000000       0x31 binaries/getchar.o
 .comment       0x00000000       0x31 binaries/labs.o
 .comment       0x00000000       0x31 binaries/memchr.o
 .comment       0x00000000       0x31 binaries/memcmp.o
 .comment       0x00000000       0x31 binaries/memcpy.o
 .comment       0x00000000       0x31 binaries/memset.o
 .comment       0x00000000       0x31 binaries/printf.o
 .comment       0x00000000       0x31 binaries/putchar.o
 .comment       0x00000000       0x31 binaries/qsort.o
 .comment       0x00000000       0x31 binaries/rand.o
 .comment       0x00000000       0x31 binaries/sprintf.o
 .comment       0x00000000       0x31 binaries/sscanf.o
 .comment       0x00000000       0x31 binaries/strchr.o
 .comment       0x00000000       0x31 binaries/strcmp.o
 .comment       0x00000000       0x31 binaries/strcpy.o
 .comment       0x00000000       0x31 binaries/strlen.o
 .comment       0x00000000       0x31 binaries/strncat.o
 .comment       0x00000000       0x31 binaries/strncmp.o
 .comment       0x00000000       0x31 binaries/strncpy.o
 .comment       0x00000000       0x31 binaries/strnlen.o
 .comment       0x00000000       0x31 binaries/strrchr.o
 .comment       0x00000000       0x31 binaries/strstr.o
 .comment       0x00000000       0x31 binaries/ttycontrol.o
 .comment       0x00000000       0x31 binaries/ttygetc.o
 .comment       0x00000000       0x31 binaries/ttyhandle_in.o
 .comment       0x00000000       0x31 binaries/ttyhandle_out.o
 .comment       0x00000000       0x31 binaries/ttyhandler.o
 .comment       0x00000000       0x31 binaries/ttyinit.o
 .comment       0x00000000       0x31 binaries/ttykickout.o
 .comment       0x00000000       0x31 binaries/ttyputc.o
 .comment       0x00000000       0x31 binaries/ttyread.o
 .comment       0x00000000       0x31 binaries/ttywrite.o
 .comment       0x00000000       0x31 binaries/mount.o
 .comment       0x00000000       0x31 binaries/naminit.o
 .comment       0x00000000       0x31 binaries/nammap.o
 .comment       0x00000000       0x31 binaries/namopen.o
 .comment       0x00000000       0x31 binaries/ethcontrol.o
 .comment       0x00000000       0x31 binaries/ethhandler.o
 .comment       0x00000000       0x31 binaries/ethinit.o
 .comment       0x00000000       0x31 binaries/ethread.o
 .comment       0x00000000       0x31 binaries/ethwrite.o
 .comment       0x00000000       0x31 binaries/rdsbufalloc.o
 .comment       0x00000000       0x31 binaries/rdsclose.o
 .comment       0x00000000       0x31 binaries/rdscomm.o
 .comment       0x00000000       0x31 binaries/rdscontrol.o
 .comment       0x00000000       0x31 binaries/rdsinit.o
 .comment       0x00000000       0x31 binaries/rdsopen.o
 .comment       0x00000000       0x31 binaries/rdsprocess.o
 .comment       0x00000000       0x31 binaries/rdsread.o
 .comment       0x00000000       0x31 binaries/rdswrite.o
 .comment       0x00000000       0x31 binaries/ramclose.o
 .comment       0x00000000       0x31 binaries/raminit.o
 .comment       0x00000000       0x31 binaries/ramopen.o
 .comment       0x00000000       0x31 binaries/ramread.o
 .comment       0x00000000       0x31 binaries/ramwrite.o
 .comment       0x00000000       0x31 binaries/lfdballoc.o
 .comment       0x00000000       0x31 binaries/lfdbfree.o
 .comment       0x00000000       0x31 binaries/lfflush.o
 .comment       0x00000000       0x31 binaries/lfgetmode.o
 .comment       0x00000000       0x31 binaries/lfiballoc.o
 .comment       0x00000000       0x31 binaries/lfibclear.o
 .comment       0x00000000       0x31 binaries/lfibget.o
 .comment       0x00000000       0x31 binaries/lfibput.o
 .comment       0x00000000       0x31 binaries/lflclose.o
 .comment       0x00000000       0x31 binaries/lflcontrol.o
 .comment       0x00000000       0x31 binaries/lflgetc.o
 .comment       0x00000000       0x31 binaries/lflinit.o
 .comment       0x00000000       0x31 binaries/lflputc.o
 .comment       0x00000000       0x31 binaries/lflread.o
 .comment       0x00000000       0x31 binaries/lflseek.o
 .comment       0x00000000       0x31 binaries/lflwrite.o
 .comment       0x00000000       0x31 binaries/lfscheck.o
 .comment       0x00000000       0x31 binaries/lfsckfmt.o
 .comment       0x00000000       0x31 binaries/lfscreate.o
 .comment       0x00000000       0x31 binaries/lfsetup.o
 .comment       0x00000000       0x31 binaries/lfsinit.o
 .comment       0x00000000       0x31 binaries/lfsopen.o
 .comment       0x00000000       0x31 binaries/lftruncate.o
 .comment       0x00000000       0x31 binaries/rflclose.o
 .comment       0x00000000       0x31 binaries/rflgetc.o
 .comment       0x00000000       0x31 binaries/rflinit.o
 .comment       0x00000000       0x31 binaries/rflputc.o
 .comment       0x00000000       0x31 binaries/rflread.o
 .comment       0x00000000       0x31 binaries/rflseek.o
 .comment       0x00000000       0x31 binaries/rflwrite.o
 .comment       0x00000000       0x31 binaries/rfscomm.o
 .comment       0x00000000       0x31 binaries/rfscontrol.o
 .comment       0x00000000       0x31 binaries/rfsgetmode.o
 .comment       0x00000000       0x31 binaries/rfsinit.o
 .comment       0x00000000       0x31 binaries/rfsndmsg.o
 .comment       0x00000000       0x31 binaries/rfsopen.o
 .comment       0x00000000       0x31 binaries/spicontrol.o
 .comment       0x00000000       0x31 binaries/spiinit.o
 .comment       0x00000000       0x31 binaries/actuatorlowlevel.o
 .comment       0x00000000       0x31 binaries/actuatorputc.o
 .comment       0x00000000       0x31 binaries/analoggetc.o
 .comment       0x00000000       0x31 binaries/analoginit.o
 .comment       0x00000000       0x31 binaries/digitalgetc.o
 .comment       0x00000000       0x31 binaries/digitallowlevel.o
 .comment       0x00000000       0x31 binaries/arp.o
 .comment       0x00000000       0x31 binaries/devudp.o
 .comment       0x00000000       0x31 binaries/dhcp.o
 .comment       0x00000000       0x31 binaries/dns.o
 .comment       0x00000000       0x31 binaries/dot2ip.o
 .comment       0x00000000       0x31 binaries/hexdump.o
 .comment       0x00000000       0x31 binaries/icmp.o
 .comment       0x00000000       0x31 binaries/ip.o
 .comment       0x00000000       0x31 binaries/ledudp.o
 .comment       0x00000000       0x31 binaries/net.o
 .comment       0x00000000       0x31 binaries/pdump.o
 .comment       0x00000000       0x31 binaries/proximityudp.o
 .comment       0x00000000       0x31 binaries/tempudp.o
 .comment       0x00000000       0x31 binaries/tftp.o
 .comment       0x00000000       0x31 binaries/udp.o
 .comment       0x00000000       0x31 binaries/addargs.o
 .comment       0x00000000       0x31 binaries/lexan.o
 .comment       0x00000000       0x31 binaries/shell.o
 .comment       0x00000000       0x31 binaries/xsh_argecho.o
 .comment       0x00000000       0x31 binaries/xsh_arp.o
 .comment       0x00000000       0x31 binaries/xsh_cat.o
 .comment       0x00000000       0x31 binaries/xsh_clear.o
 .comment       0x00000000       0x31 binaries/xsh_date.o
 .comment       0x00000000       0x31 binaries/xsh_devdump.o
 .comment       0x00000000       0x31 binaries/xsh_echo.o
 .comment       0x00000000       0x31 binaries/xsh_exit.o
 .comment       0x00000000       0x31 binaries/xsh_help.o
 .comment       0x00000000       0x31 binaries/xsh_kill.o
 .comment       0x00000000       0x31 binaries/xsh_memdump.o
 .comment       0x00000000       0x31 binaries/xsh_memstat.o
 .comment       0x00000000       0x31 binaries/xsh_netinfo.o
 .comment       0x00000000       0x31 binaries/xsh_ping.o
 .comment       0x00000000       0x31 binaries/xsh_ps.o
 .comment       0x00000000       0x31 binaries/xsh_sleep.o
 .comment       0x00000000       0x31 binaries/xsh_udpdump.o
 .comment       0x00000000       0x31 binaries/xsh_udpecho.o
 .comment       0x00000000       0x31 binaries/xsh_udpserver.o
 .comment       0x00000000       0x31 binaries/xsh_uptime.o

.debug_frame    0x00000000       0x40
 .debug_frame   0x00000000       0x20 ../cross_compiler/lib/gcc/arm-none-eabi/4.8.1//libgcc.a(_udivsi3.o)
 .debug_frame   0x00000020       0x20 ../cross_compiler/lib/gcc/arm-none-eabi/4.8.1//libgcc.a(_divsi3.o)
